// Vitest Snapshot v1

exports[`TaskTile > matches snapshot 1`] = `
{
  "asFragment": [Function],
  "baseElement": <body>
    <div>
      <li
        class="flex flex-col relative h-24 mb-4 border border-stone-300 dark:border-stone-700 bg-stone-100 dark:bg-stone-900 active:bg-stone-50 dark:active:bg-stone-700 rounded-md text-stone-700 dark:text-stone-100 px-4 py-2 draggable cursor-grab active:cursor-grabbing active:z-30 active:shadow-lg overflow-hidden text-ellipsis"
      >
        <p
          class="font-bold mb-1 truncate"
        >
          Test
        </p>
        <p
          class="text-xs truncate"
        >
          Testowy test
        </p>
        <div
          class="absolute right-2 bottom-2 text-stone-400"
        >
          <svg
            aria-hidden="true"
            class="fa"
            style="height: 1em; vertical-align: -.125em; transform-origin: center; overflow: visible;"
            viewBox="0 0 320 512"
            xmlns="http://www.w3.org/2000/svg"
          >
            <g
              transform="translate(160 256)"
              transform-origin="80 0"
            >
              <g
                transform="translate(0,0) scale(1,1)"
              >
                <path
                  d="M40 352c-22.1 0-40 17.9-40 40l0 48c0 22.1 17.9 40 40 40l48 0c22.1 0 40-17.9 40-40l0-48c0-22.1-17.9-40-40-40l-48 0zm192 0c-22.1 0-40 17.9-40 40l0 48c0 22.1 17.9 40 40 40l48 0c22.1 0 40-17.9 40-40l0-48c0-22.1-17.9-40-40-40l-48 0zM40 320l48 0c22.1 0 40-17.9 40-40l0-48c0-22.1-17.9-40-40-40l-48 0c-22.1 0-40 17.9-40 40l0 48c0 22.1 17.9 40 40 40zM232 192c-22.1 0-40 17.9-40 40l0 48c0 22.1 17.9 40 40 40l48 0c22.1 0 40-17.9 40-40l0-48c0-22.1-17.9-40-40-40l-48 0zM40 160l48 0c22.1 0 40-17.9 40-40l0-48c0-22.1-17.9-40-40-40L40 32C17.9 32 0 49.9 0 72l0 48c0 22.1 17.9 40 40 40zM232 32c-22.1 0-40 17.9-40 40l0 48c0 22.1 17.9 40 40 40l48 0c22.1 0 40-17.9 40-40l0-48c0-22.1-17.9-40-40-40l-48 0z"
                  fill="currentColor"
                  transform="translate(-160 -256)"
                />
              </g>
            </g>
          </svg>
        </div>
      </li>
    </div>
  </body>,
  "container": <div>
    <li
      class="flex flex-col relative h-24 mb-4 border border-stone-300 dark:border-stone-700 bg-stone-100 dark:bg-stone-900 active:bg-stone-50 dark:active:bg-stone-700 rounded-md text-stone-700 dark:text-stone-100 px-4 py-2 draggable cursor-grab active:cursor-grabbing active:z-30 active:shadow-lg overflow-hidden text-ellipsis"
    >
      <p
        class="font-bold mb-1 truncate"
      >
        Test
      </p>
      <p
        class="text-xs truncate"
      >
        Testowy test
      </p>
      <div
        class="absolute right-2 bottom-2 text-stone-400"
      >
        <svg
          aria-hidden="true"
          class="fa"
          style="height: 1em; vertical-align: -.125em; transform-origin: center; overflow: visible;"
          viewBox="0 0 320 512"
          xmlns="http://www.w3.org/2000/svg"
        >
          <g
            transform="translate(160 256)"
            transform-origin="80 0"
          >
            <g
              transform="translate(0,0) scale(1,1)"
            >
              <path
                d="M40 352c-22.1 0-40 17.9-40 40l0 48c0 22.1 17.9 40 40 40l48 0c22.1 0 40-17.9 40-40l0-48c0-22.1-17.9-40-40-40l-48 0zm192 0c-22.1 0-40 17.9-40 40l0 48c0 22.1 17.9 40 40 40l48 0c22.1 0 40-17.9 40-40l0-48c0-22.1-17.9-40-40-40l-48 0zM40 320l48 0c22.1 0 40-17.9 40-40l0-48c0-22.1-17.9-40-40-40l-48 0c-22.1 0-40 17.9-40 40l0 48c0 22.1 17.9 40 40 40zM232 192c-22.1 0-40 17.9-40 40l0 48c0 22.1 17.9 40 40 40l48 0c22.1 0 40-17.9 40-40l0-48c0-22.1-17.9-40-40-40l-48 0zM40 160l48 0c22.1 0 40-17.9 40-40l0-48c0-22.1-17.9-40-40-40L40 32C17.9 32 0 49.9 0 72l0 48c0 22.1 17.9 40 40 40zM232 32c-22.1 0-40 17.9-40 40l0 48c0 22.1 17.9 40 40 40l48 0c22.1 0 40-17.9 40-40l0-48c0-22.1-17.9-40-40-40l-48 0z"
                fill="currentColor"
                transform="translate(-160 -256)"
              />
            </g>
          </g>
        </svg>
      </div>
    </li>
  </div>,
  "debug": [Function],
  "findAllByAltText": [Function],
  "findAllByDisplayValue": [Function],
  "findAllByLabelText": [Function],
  "findAllByPlaceholderText": [Function],
  "findAllByRole": [Function],
  "findAllByTestId": [Function],
  "findAllByText": [Function],
  "findAllByTitle": [Function],
  "findByAltText": [Function],
  "findByDisplayValue": [Function],
  "findByLabelText": [Function],
  "findByPlaceholderText": [Function],
  "findByRole": [Function],
  "findByTestId": [Function],
  "findByText": [Function],
  "findByTitle": [Function],
  "getAllByAltText": [Function],
  "getAllByDisplayValue": [Function],
  "getAllByLabelText": [Function],
  "getAllByPlaceholderText": [Function],
  "getAllByRole": [Function],
  "getAllByTestId": [Function],
  "getAllByText": [Function],
  "getAllByTitle": [Function],
  "getByAltText": [Function],
  "getByDisplayValue": [Function],
  "getByLabelText": [Function],
  "getByPlaceholderText": [Function],
  "getByRole": [Function],
  "getByTestId": [Function],
  "getByText": [Function],
  "getByTitle": [Function],
  "queryAllByAltText": [Function],
  "queryAllByDisplayValue": [Function],
  "queryAllByLabelText": [Function],
  "queryAllByPlaceholderText": [Function],
  "queryAllByRole": [Function],
  "queryAllByTestId": [Function],
  "queryAllByText": [Function],
  "queryAllByTitle": [Function],
  "queryByAltText": [Function],
  "queryByDisplayValue": [Function],
  "queryByLabelText": [Function],
  "queryByPlaceholderText": [Function],
  "queryByRole": [Function],
  "queryByTestId": [Function],
  "queryByText": [Function],
  "queryByTitle": [Function],
  "unmount": [Function],
}
`;
